Title: Test Article
URL: http://example.com
Content:
This is a test article.

================================================================================

